ELMER SOLVER (v 26.1) STARTED AT: 2026/09/23 23:14:19
ParCommInit: Initialize #PEs: 1
MAIN: OMP_NUM_THREADS not set. Using only 1 thread per task.
MAIN: 
MAIN: =============================================================
MAIN: ElmerSolver finite element software, Welcome!
MAIN: This program is free software licensed under (L)GPL
MAIN: Copyright 1st April 1995 - , CSC - IT Center for Science Ltd.
MAIN: Webpage http://www.csc.fi/elmer, Email elmeradm@csc.fi
MAIN: Version: 26.1 (Rev: 9916c3f05, Compiled: 2026-09-15)
MAIN:  Running one task without MPI parallelization.
MAIN:  Running with just one thread per task.
MAIN:  HYPRE library linked in.
MAIN:  MUMPS library linked in.
MAIN:  Lua interpreter linked in.
MAIN: =============================================================
MAIN: 
MAIN: 
MAIN: -------------------------------------
MAIN: Reading Model: artifacts/phase24_tes_stycast_connectivity_mortar_bypass_v3/tes_stycast_bypass_1p00P.sif
LoadInputFile: Scanning input file: artifacts/phase24_tes_stycast_connectivity_mortar_bypass_v3/tes_stycast_bypass_1p00P.sif
LoadInputFile: Scanning only size info
LoadInputFile: First time visiting
LoadInputFile: Reading base load of sif file
LoadInputFile: Loading input file: artifacts/phase24_tes_stycast_connectivity_mortar_bypass_v3/tes_stycast_bypass_1p00P.sif
LoadInputFile: Reading base load of sif file
CheckKeyword:  Unlisted keyword: [tes series file] in section: [constants]
CheckKeyword:  Unlisted keyword: [tes state file] in section: [constants]
CheckKeyword:  Unlisted keyword: [tes bias current] in section: [constants]
CheckKeyword:  Unlisted keyword: [tes shunt resistance] in section: [constants]
CheckKeyword:  Unlisted keyword: [tes r0] in section: [constants]
CheckKeyword:  Unlisted keyword: [tes rmin] in section: [constants]
CheckKeyword:  Unlisted keyword: [tes alpha] in section: [constants]
CheckKeyword:  Unlisted keyword: [tes beta] in section: [constants]
CheckKeyword:  Unlisted keyword: [tes i0] in section: [constants]
CheckKeyword:  Unlisted keyword: [tes tc] in section: [constants]
CheckKeyword:  Unlisted keyword: [tes t0] in section: [constants]
CheckKeyword:  Unlisted keyword: [tes volume] in section: [constants]
CheckKeyword:  Unlisted keyword: [tes inductance] in section: [constants]
CheckKeyword:  Unlisted keyword: [tes iteration series file] in section: [constants]
CheckKeyword:  Unlisted keyword: [TES Inner Circuit Update] in section: [solver 1]
CheckKeyword:  Unlisted keyword: [TES Body ID] in section: [solver 1]
CheckKeyword:  Unlisted keyword: [TES Inner Circuit Step Commit] in section: [solver 1]
CheckKeyword:  Unlisted keyword: [TES Inner Circuit Freeze Power] in section: [solver 1]
CheckKeyword:  Unlisted keyword: [Phase24 Full Restriction Capture] in section: [solver 1]
CheckKeyword:  Unlisted keyword: [Phase24 Full Restriction Capture Prefix] in section: [solver 1]
CheckKeyword:  Unlisted keyword: [Phase24 Full Restriction Capture Timestep] in section: [solver 1]
CheckKeyword:  Unlisted keyword: [Phase24 Full Restriction Capture Max Iterations] in section: [solver 1]
Loading user function library: [tes_parallel_circuit]...[TESParallelHeatSource]
LoadInputFile: Number of BCs: 7
WARNING:: LoadInputFile: Entry missing for: Boundary Condition 4
WARNING:: LoadInputFile: Entry missing for: Boundary Condition 5
LoadInputFile: Number of Body Forces: 1
LoadInputFile: Number of Initial Conditions: 1
LoadInputFile: Number of Materials: 7
LoadInputFile: Number of Equations: 1
LoadInputFile: Number of Solvers: 1
LoadInputFile: Number of Bodies: 10
ElmerAsciiMesh: Base mesh name: work/meshes/mesh_phase24_tes_stycast_conforming_bypass_v3
LoadMesh: Elapsed REAL time:     5.3720 (s)
MAIN: -------------------------------------
OptimizeBandwidth: Initial bandwidth for heat equation: 4089
OptimizeBandwidth: Optimized bandwidth for heat equation: 3474
MAIN: Number of timesteps to be saved: 1
MAIN: 
MAIN: -------------------------------------
MAIN:  Steady state iteration:            1
MAIN: -------------------------------------
MAIN: 
 PlaneNormal: Selecting slave normal
 PlaneNormal selected:   0.0000000000000000        0.0000000000000000       -1.0000000000000000     
PeriodicProjector: Elapsed REAL time:     0.1710 (s)
 PlaneNormal: Selecting slave normal
 PlaneNormal selected:   0.0000000000000000        0.0000000000000000        1.0000000000000000     
PeriodicProjector: Elapsed REAL time:     0.0830 (s)
HeatSolver: Solving the energy equation for temperature
HeatSolve: 
HeatSolve: 
HeatSolve: -------------------------------------
HeatSolve:  TEMPERATURE ITERATION           1
HeatSolve: -------------------------------------
HeatSolve: 
HeatSolve: Starting Assembly...
HeatSolve: Assembly:
: .......Assembly done
SolveWithLinearRestriction: PHASE24_FULL_RESTRICTION_CAPTURE stage=before, timestep=1, nonlinear_iteration=1, time=  1.00000000E+00, dt=  1.00000000E+00, bdf_order=0, solver=direct, direct_method=mumps, total_rows=97279, primal_rows=97076, constraint_rows=203, matrix_nnz=1334953, constraint_matrix_rows=203, eliminate=0, penalty=0, restriction_active=1
ComputeChange: NS (ITER=1) (NRM,RELC): ( 0.15100682      2.0000000     ) :: heat equation
SolveWithLinearRestriction: PHASE24_FULL_RESTRICTION_CAPTURE stage=after, timestep=1, nonlinear_iteration=1, time=  1.00000000E+00, dt=  1.00000000E+00, bdf_order=0, solver=direct, direct_method=mumps, total_rows=97279, primal_rows=97076, constraint_rows=203, matrix_nnz=1334953, constraint_matrix_rows=203, eliminate=0, penalty=0, restriction_active=1
HeatSolve: iter:    1 Assembly: (s)    9.23    9.23
HeatSolve: iter:    1 Solve:    (s)   32.55   32.55
HeatSolve:  Result Norm   :   0.15100682114679526
HeatSolve:  Relative Change :    2.0000000000000000
TESInnerCircuit: T=  1.685700E-01 I=  1.435373E-04 P=  3.203005E-10
TESInnerCircuit: AbsorberT=  1.615888E-01
TESInnerCircuit: StycastT=  1.615887E-01
HeatSolve: 
HeatSolve: 
HeatSolve: -------------------------------------
HeatSolve:  TEMPERATURE ITERATION           2
HeatSolve: -------------------------------------
HeatSolve: 
HeatSolve: Starting Assembly...
HeatSolve: Assembly:
: ......Assembly done
ComputeChange: NS (ITER=2) (NRM,RELC): ( 0.15114419     0.90924782E-03 ) :: heat equation
HeatSolve: iter:    2 Assembly: (s)    8.10   17.33
HeatSolve: iter:    2 Solve:    (s)    1.61   34.16
HeatSolve:  Result Norm   :   0.15114418621913303
HeatSolve:  Relative Change :    9.0924781972621612E-004
TESInnerCircuit: T=  1.615878E-01 I=  4.230757E-04 P=  3.203005E-10
TESInnerCircuit: AbsorberT=  1.629503E-01
TESInnerCircuit: StycastT=  1.629502E-01
HeatSolve: 
HeatSolve: 
HeatSolve: -------------------------------------
HeatSolve:  TEMPERATURE ITERATION           3
HeatSolve: -------------------------------------
HeatSolve: 
HeatSolve: Starting Assembly...
HeatSolve: Assembly:
: ......Assembly done
ComputeChange: NS (ITER=3) (NRM,RELC): ( 0.15113425     0.65757913E-04 ) :: heat equation
HeatSolve: iter:    3 Assembly: (s)    8.09   25.43
HeatSolve: iter:    3 Solve:    (s)    1.63   35.79
HeatSolve:  Result Norm   :   0.15113424761961605
HeatSolve:  Relative Change :    6.5757913264037163E-005
TESInnerCircuit: T=  1.629493E-01 I=  3.658626E-04 P=  3.203005E-10
TESInnerCircuit: AbsorberT=  1.628507E-01
TESInnerCircuit: StycastT=  1.628506E-01
HeatSolve: 
HeatSolve: 
HeatSolve: -------------------------------------
HeatSolve:  TEMPERATURE ITERATION           4
HeatSolve: -------------------------------------
HeatSolve: 
HeatSolve: Starting Assembly...
HeatSolve: Assembly:
: ......Assembly done
ComputeChange: NS (ITER=4) (NRM,RELC): ( 0.15113479     0.35901274E-05 ) :: heat equation
HeatSolve: iter:    4 Assembly: (s)    8.31   33.74
HeatSolve: iter:    4 Solve:    (s)    1.63   37.42
HeatSolve:  Result Norm   :   0.15113479021179937
HeatSolve:  Relative Change :    3.5901274388880094E-006
TESInnerCircuit: T=  1.628497E-01 I=  3.700291E-04 P=  3.203005E-10
TESInnerCircuit: AbsorberT=  1.628561E-01
TESInnerCircuit: StycastT=  1.628560E-01
HeatSolve: 
HeatSolve: 
HeatSolve: -------------------------------------
HeatSolve:  TEMPERATURE ITERATION           5
HeatSolve: -------------------------------------
HeatSolve: 
HeatSolve: Starting Assembly...
HeatSolve: Assembly:
: ......Assembly done
ComputeChange: NS (ITER=5) (NRM,RELC): ( 0.15113476     0.19536943E-06 ) :: heat equation
HeatSolve: iter:    5 Assembly: (s)    8.04   41.78
HeatSolve: iter:    5 Solve:    (s)    1.63   39.05
HeatSolve:  Result Norm   :   0.15113476068468387
HeatSolve:  Relative Change :    1.9536943377236600E-007
TESInnerCircuit: T=  1.628551E-01 I=  3.698019E-04 P=  3.203005E-10
TESInnerCircuit: AbsorberT=  1.628558E-01
TESInnerCircuit: StycastT=  1.628557E-01
HeatSolve: 
HeatSolve: 
HeatSolve: -------------------------------------
HeatSolve:  TEMPERATURE ITERATION           6
HeatSolve: -------------------------------------
HeatSolve: 
HeatSolve: Starting Assembly...
HeatSolve: Assembly:
: ......Assembly done
ComputeChange: NS (ITER=6) (NRM,RELC): ( 0.15113476     0.27833005E-07 ) :: heat equation
HeatSolve: iter:    6 Assembly: (s)    8.01   49.78
HeatSolve: iter:    6 Solve:    (s)    1.69   40.73
HeatSolve:  Result Norm   :   0.15113476489121849
HeatSolve:  Relative Change :    2.7833005081260470E-008
TESInnerCircuit: T=  1.628548E-01 I=  3.698143E-04 P=  3.203005E-10
TESInnerCircuit: AbsorberT=  1.628559E-01
TESInnerCircuit: StycastT=  1.628557E-01
HeatSolve: 
HeatSolve: 
HeatSolve: -------------------------------------
HeatSolve:  TEMPERATURE ITERATION           7
HeatSolve: -------------------------------------
HeatSolve: 
HeatSolve: Starting Assembly...
HeatSolve: Assembly:
: ......Assembly done
ComputeChange: NS (ITER=7) (NRM,RELC): ( 0.15113476     0.46240617E-08 ) :: heat equation
HeatSolve: iter:    7 Assembly: (s)    8.18   57.97
HeatSolve: iter:    7 Solve:    (s)    1.60   42.33
HeatSolve:  Result Norm   :   0.15113476419236202
HeatSolve:  Relative Change :    4.6240616764153151E-009
ComputeChange: SS (ITER=1) (NRM,RELC): ( 0.15127194      2.0000000     ) :: heat equation
WARNING:: SaveCurrent: > Output File < for restart should not include directory: ../work/meshes/mesh_phase24_tes_stycast_conforming_bypass_v3/tes_stycast_bypass_1p00p.result
SaveResult: -----------------------------------------
SaveResult: Saving results to file: mesh_phase24_tes_stycast_conforming_bypass_v3/../work/meshes/mesh_phase24_tes_stycast_conforming_bypass_v3/tes_stycast_bypass_1p00p.result
SaveResult: Done writing results file
SaveResult: -----------------------------------------
MAIN: *** Elmer Solver: ALL DONE ***
MAIN: The end
SOLVER TOTAL TIME(CPU,REAL):       109.08      109.08
ELMER SOLVER FINISHED AT: 2026/09/23 23:16:08
