ELMER SOLVER (v 26.1) STARTED AT: 2026/09/23 13:33:58
ParCommInit: Initialize #PEs: 1
MAIN: OMP_NUM_THREADS not set. Using only 1 thread per task.
MAIN: 
MAIN: =============================================================
MAIN: ElmerSolver finite element software, Welcome!
MAIN: This program is free software licensed under (L)GPL
MAIN: Copyright 1st April 1995 - , CSC - IT Center for Science Ltd.
MAIN: Webpage http://www.csc.fi/elmer, Email elmeradm@csc.fi
MAIN: Version: 26.1 (Rev: 9916c3f05, Compiled: 2026-09-15)
MAIN:  Running one task without MPI parallelization.
MAIN:  Running with just one thread per task.
MAIN:  HYPRE library linked in.
MAIN:  MUMPS library linked in.
MAIN:  Lua interpreter linked in.
MAIN: =============================================================
MAIN: 
MAIN: 
MAIN: -------------------------------------
MAIN: Reading Model: artifacts/phase24_outer_thermal_path_localization/phase24_stycast_substrate_coupling_only_1p05P.sif
LoadInputFile: Scanning input file: artifacts/phase24_outer_thermal_path_localization/phase24_stycast_substrate_coupling_only_1p05P.sif
LoadInputFile: Scanning only size info
LoadInputFile: First time visiting
LoadInputFile: Reading base load of sif file
LoadInputFile: Loading input file: artifacts/phase24_outer_thermal_path_localization/phase24_stycast_substrate_coupling_only_1p05P.sif
LoadInputFile: Reading base load of sif file
CheckKeyword:  Unlisted keyword: [tes series file] in section: [constants]
CheckKeyword:  Unlisted keyword: [tes state file] in section: [constants]
CheckKeyword:  Unlisted keyword: [tes bias current] in section: [constants]
CheckKeyword:  Unlisted keyword: [tes shunt resistance] in section: [constants]
CheckKeyword:  Unlisted keyword: [tes r0] in section: [constants]
CheckKeyword:  Unlisted keyword: [tes rmin] in section: [constants]
CheckKeyword:  Unlisted keyword: [tes alpha] in section: [constants]
CheckKeyword:  Unlisted keyword: [tes beta] in section: [constants]
CheckKeyword:  Unlisted keyword: [tes i0] in section: [constants]
CheckKeyword:  Unlisted keyword: [tes tc] in section: [constants]
CheckKeyword:  Unlisted keyword: [tes t0] in section: [constants]
CheckKeyword:  Unlisted keyword: [tes volume] in section: [constants]
CheckKeyword:  Unlisted keyword: [tes inductance] in section: [constants]
CheckKeyword:  Unlisted keyword: [tes iteration series file] in section: [constants]
CheckKeyword:  Unlisted keyword: [TES Inner Circuit Update] in section: [solver 1]
CheckKeyword:  Unlisted keyword: [TES Body ID] in section: [solver 1]
CheckKeyword:  Unlisted keyword: [TES Inner Circuit Step Commit] in section: [solver 1]
CheckKeyword:  Unlisted keyword: [TES Inner Circuit Freeze Power] in section: [solver 1]
CheckKeyword:  Unlisted keyword: [Phase24 Full Restriction Capture] in section: [solver 1]
CheckKeyword:  Unlisted keyword: [Phase24 Full Restriction Capture Prefix] in section: [solver 1]
CheckKeyword:  Unlisted keyword: [Phase24 Full Restriction Capture Timestep] in section: [solver 1]
CheckKeyword:  Unlisted keyword: [Phase24 Full Restriction Capture Max Iterations] in section: [solver 1]
Loading user function library: [tes_parallel_circuit]...[TESParallelHeatSource]
LoadInputFile: Number of BCs: 7
LoadInputFile: Number of Body Forces: 1
LoadInputFile: Number of Initial Conditions: 1
LoadInputFile: Number of Materials: 7
LoadInputFile: Number of Equations: 1
LoadInputFile: Number of Solvers: 1
LoadInputFile: Number of Bodies: 10
ElmerAsciiMesh: Base mesh name: work/meshes/mesh_singlepixel_gpu_fine_stycast32_mortar
LoadMesh: Elapsed REAL time:     6.8560 (s)
MAIN: -------------------------------------
OptimizeBandwidth: Initial bandwidth for heat equation: 4082
OptimizeBandwidth: Optimized bandwidth for heat equation: 2756
MAIN: Number of timesteps to be saved: 1
MAIN: 
MAIN: -------------------------------------
MAIN:  Steady state iteration:            1
MAIN: -------------------------------------
MAIN: 
 PlaneNormal: Selecting master normal
 PlaneNormal selected:  -0.0000000000000000       -0.0000000000000000       -1.0000000000000000     
PeriodicProjector: Elapsed REAL time:     0.0790 (s)
 PlaneNormal: Selecting master normal
 PlaneNormal selected:  -0.0000000000000000       -0.0000000000000000       -1.0000000000000000     
PeriodicProjector: Elapsed REAL time:     0.1850 (s)
 PlaneNormal: Selecting master normal
 PlaneNormal selected:  -0.0000000000000000       -0.0000000000000000       -1.0000000000000000     
WARNING:: LevelProjector: Projector % InvPerm not set in for dofs: 132
PeriodicProjector: Elapsed REAL time:     0.0750 (s)
HeatSolver: Solving the energy equation for temperature
HeatSolve: 
HeatSolve: 
HeatSolve: -------------------------------------
HeatSolve:  TEMPERATURE ITERATION           1
HeatSolve: -------------------------------------
HeatSolve: 
HeatSolve: Starting Assembly...
HeatSolve: Assembly:
: ...........Assembly done
SolveWithLinearRestriction: PHASE24_FULL_RESTRICTION_CAPTURE stage=before, timestep=1, nonlinear_iteration=1, time=  1.00000000E+00, dt=  1.00000000E+00, bdf_order=0, solver=direct, direct_method=mumps, total_rows=96958, primal_rows=96769, constraint_rows=189, matrix_nnz=1329506, constraint_matrix_rows=189, eliminate=0, penalty=0, restriction_active=1
ComputeChange: NS (ITER=1) (NRM,RELC): ( 0.15101763      2.0000000     ) :: heat equation
SolveWithLinearRestriction: PHASE24_FULL_RESTRICTION_CAPTURE stage=after, timestep=1, nonlinear_iteration=1, time=  1.00000000E+00, dt=  1.00000000E+00, bdf_order=0, solver=direct, direct_method=mumps, total_rows=96958, primal_rows=96769, constraint_rows=189, matrix_nnz=1329506, constraint_matrix_rows=189, eliminate=0, penalty=0, restriction_active=1
HeatSolve: iter:    1 Assembly: (s)   11.54   11.54
HeatSolve: iter:    1 Solve:    (s)   46.94   46.94
HeatSolve:  Result Norm   :   0.15101763389436326
HeatSolve:  Relative Change :    2.0000000000000000
ComputeChange: SS (ITER=1) (NRM,RELC): ( 0.15115520      2.0000000     ) :: heat equation
WARNING:: SaveCurrent: > Output File < for restart should not include directory: ../work/meshes/mesh_singlepixel_gpu_fine_stycast32_mortar/phase24_stycast_substrate_coupling_only_1p05p.result
SaveResult: -----------------------------------------
SaveResult: Saving results to file: mesh_singlepixel_gpu_fine_stycast32_mortar/../work/meshes/mesh_singlepixel_gpu_fine_stycast32_mortar/phase24_stycast_substrate_coupling_only_1p05p.result
SaveResult: Done writing results file
SaveResult: -----------------------------------------
MAIN: *** Elmer Solver: ALL DONE ***
MAIN: The end
SOLVER TOTAL TIME(CPU,REAL):        70.63       70.63
ELMER SOLVER FINISHED AT: 2026/09/23 13:35:08
