ELMER SOLVER (v 26.1) STARTED AT: 2026/09/23 21:45:25
ParCommInit: Initialize #PEs: 1
MAIN: OMP_NUM_THREADS not set. Using only 1 thread per task.
MAIN: 
MAIN: =============================================================
MAIN: ElmerSolver finite element software, Welcome!
MAIN: This program is free software licensed under (L)GPL
MAIN: Copyright 1st April 1995 - , CSC - IT Center for Science Ltd.
MAIN: Webpage http://www.csc.fi/elmer, Email elmeradm@csc.fi
MAIN: Version: 26.1 (Rev: 9916c3f05, Compiled: 2026-09-15)
MAIN:  Running one task without MPI parallelization.
MAIN:  Running with just one thread per task.
MAIN:  HYPRE library linked in.
MAIN:  MUMPS library linked in.
MAIN:  Lua interpreter linked in.
MAIN: =============================================================
MAIN: 
MAIN: 
MAIN: -------------------------------------
MAIN: Reading Model: artifacts/phase24_abs_connectivity_mortar_bypass/abs_bypass_1p05P.sif
LoadInputFile: Scanning input file: artifacts/phase24_abs_connectivity_mortar_bypass/abs_bypass_1p05P.sif
LoadInputFile: Scanning only size info
LoadInputFile: First time visiting
LoadInputFile: Reading base load of sif file
LoadInputFile: Loading input file: artifacts/phase24_abs_connectivity_mortar_bypass/abs_bypass_1p05P.sif
LoadInputFile: Reading base load of sif file
CheckKeyword:  Unlisted keyword: [tes series file] in section: [constants]
CheckKeyword:  Unlisted keyword: [tes state file] in section: [constants]
CheckKeyword:  Unlisted keyword: [tes bias current] in section: [constants]
CheckKeyword:  Unlisted keyword: [tes shunt resistance] in section: [constants]
CheckKeyword:  Unlisted keyword: [tes r0] in section: [constants]
CheckKeyword:  Unlisted keyword: [tes rmin] in section: [constants]
CheckKeyword:  Unlisted keyword: [tes alpha] in section: [constants]
CheckKeyword:  Unlisted keyword: [tes beta] in section: [constants]
CheckKeyword:  Unlisted keyword: [tes i0] in section: [constants]
CheckKeyword:  Unlisted keyword: [tes tc] in section: [constants]
CheckKeyword:  Unlisted keyword: [tes t0] in section: [constants]
CheckKeyword:  Unlisted keyword: [tes volume] in section: [constants]
CheckKeyword:  Unlisted keyword: [tes inductance] in section: [constants]
CheckKeyword:  Unlisted keyword: [tes iteration series file] in section: [constants]
CheckKeyword:  Unlisted keyword: [TES Inner Circuit Update] in section: [solver 1]
CheckKeyword:  Unlisted keyword: [TES Body ID] in section: [solver 1]
CheckKeyword:  Unlisted keyword: [TES Inner Circuit Step Commit] in section: [solver 1]
CheckKeyword:  Unlisted keyword: [TES Inner Circuit Freeze Power] in section: [solver 1]
CheckKeyword:  Unlisted keyword: [Phase24 Full Restriction Capture] in section: [solver 1]
CheckKeyword:  Unlisted keyword: [Phase24 Full Restriction Capture Prefix] in section: [solver 1]
CheckKeyword:  Unlisted keyword: [Phase24 Full Restriction Capture Timestep] in section: [solver 1]
CheckKeyword:  Unlisted keyword: [Phase24 Full Restriction Capture Max Iterations] in section: [solver 1]
Loading user function library: [tes_parallel_circuit]...[TESParallelHeatSource]
LoadInputFile: Number of BCs: 5
LoadInputFile: Number of Body Forces: 1
LoadInputFile: Number of Initial Conditions: 1
LoadInputFile: Number of Materials: 7
LoadInputFile: Number of Equations: 1
LoadInputFile: Number of Solvers: 1
LoadInputFile: Number of Bodies: 10
ElmerAsciiMesh: Base mesh name: work/meshes/mesh_phase24_abs_conforming_bypass_stycast_abs
LoadMesh: Elapsed REAL time:     5.8490 (s)
MAIN: -------------------------------------
OptimizeBandwidth: Initial bandwidth for heat equation: 4698
OptimizeBandwidth: Optimized bandwidth for heat equation: 2034
MAIN: Number of timesteps to be saved: 1
MAIN: 
MAIN: -------------------------------------
MAIN:  Steady state iteration:            1
MAIN: -------------------------------------
MAIN: 
 PlaneNormal: Selecting slave normal
 PlaneNormal selected:   0.0000000000000000        0.0000000000000000       -1.0000000000000000     
PeriodicProjector: Elapsed REAL time:     0.1770 (s)
 PlaneNormal: Selecting master normal
 PlaneNormal selected:  -0.0000000000000000       -0.0000000000000000       -1.0000000000000000     
PeriodicProjector: Elapsed REAL time:     0.9060 (s)
HeatSolver: Solving the energy equation for temperature
HeatSolve: 
HeatSolve: 
HeatSolve: -------------------------------------
HeatSolve:  TEMPERATURE ITERATION           1
HeatSolve: -------------------------------------
HeatSolve: 
HeatSolve: Starting Assembly...
HeatSolve: Assembly:
: ........Assembly done
SolveWithLinearRestriction: PHASE24_FULL_RESTRICTION_CAPTURE stage=before, timestep=1, nonlinear_iteration=1, time=  1.00000000E+00, dt=  1.00000000E+00, bdf_order=0, solver=direct, direct_method=mumps, total_rows=102154, primal_rows=99630, constraint_rows=2524, matrix_nnz=1415826, constraint_matrix_rows=2524, eliminate=0, penalty=0, restriction_active=1
ComputeChange: NS (ITER=1) (NRM,RELC): ( 0.15016340      2.0000000     ) :: heat equation
SolveWithLinearRestriction: PHASE24_FULL_RESTRICTION_CAPTURE stage=after, timestep=1, nonlinear_iteration=1, time=  1.00000000E+00, dt=  1.00000000E+00, bdf_order=0, solver=direct, direct_method=mumps, total_rows=102154, primal_rows=99630, constraint_rows=2524, matrix_nnz=1415826, constraint_matrix_rows=2524, eliminate=0, penalty=0, restriction_active=1
HeatSolve: iter:    1 Assembly: (s)    8.36    8.36
HeatSolve: iter:    1 Solve:    (s)   36.66   36.66
HeatSolve:  Result Norm   :   0.15016340137812387
HeatSolve:  Relative Change :    2.0000000000000000
TESInnerCircuit: T=  1.685700E-01 I=  1.435373E-04 P=  3.363155E-10
TESInnerCircuit: AbsorberT=  1.665708E-01
TESInnerCircuit: StycastT=  1.665707E-01
HeatSolve: 
HeatSolve: 
HeatSolve: -------------------------------------
HeatSolve:  TEMPERATURE ITERATION           2
HeatSolve: -------------------------------------
HeatSolve: 
HeatSolve: Starting Assembly...
HeatSolve: Assembly:
: .......Assembly done
ComputeChange: NS (ITER=2) (NRM,RELC): ( 0.15038577     0.14797538E-02 ) :: heat equation
HeatSolve: iter:    2 Assembly: (s)    7.67   16.03
HeatSolve: iter:    2 Solve:    (s)    1.88   38.54
HeatSolve:  Result Norm   :   0.15038577076647311
HeatSolve:  Relative Change :    1.4797537904530161E-003
TESInnerCircuit: T=  1.665700E-01 I=  2.181564E-04 P=  3.363155E-10
TESInnerCircuit: AbsorberT=  1.683146E-01
TESInnerCircuit: StycastT=  1.683145E-01
HeatSolve: 
HeatSolve: 
HeatSolve: -------------------------------------
HeatSolve:  TEMPERATURE ITERATION           3
HeatSolve: -------------------------------------
HeatSolve: 
HeatSolve: Starting Assembly...
HeatSolve: Assembly:
: .......Assembly done
ComputeChange: NS (ITER=3) (NRM,RELC): ( 0.15036022     0.16989378E-03 ) :: heat equation
HeatSolve: iter:    3 Assembly: (s)    7.43   23.47
HeatSolve: iter:    3 Solve:    (s)    1.95   40.50
HeatSolve:  Result Norm   :   0.15036022332932922
HeatSolve:  Relative Change :    1.6989378176557313E-004
TESInnerCircuit: T=  1.683137E-01 I=  1.525531E-04 P=  3.363155E-10
TESInnerCircuit: AbsorberT=  1.681116E-01
TESInnerCircuit: StycastT=  1.681115E-01
HeatSolve: 
HeatSolve: 
HeatSolve: -------------------------------------
HeatSolve:  TEMPERATURE ITERATION           4
HeatSolve: -------------------------------------
HeatSolve: 
HeatSolve: Starting Assembly...
HeatSolve: Assembly:
: .......Assembly done
ComputeChange: NS (ITER=4) (NRM,RELC): ( 0.15036206     0.12233317E-04 ) :: heat equation
HeatSolve: iter:    4 Assembly: (s)    7.67   31.13
HeatSolve: iter:    4 Solve:    (s)    1.86   42.36
HeatSolve:  Result Norm   :   0.15036206274485389
HeatSolve:  Relative Change :    1.2233316982832138E-005
TESInnerCircuit: T=  1.681107E-01 I=  1.598352E-04 P=  3.363155E-10
TESInnerCircuit: AbsorberT=  1.681262E-01
TESInnerCircuit: StycastT=  1.681261E-01
HeatSolve: 
HeatSolve: 
HeatSolve: -------------------------------------
HeatSolve:  TEMPERATURE ITERATION           5
HeatSolve: -------------------------------------
HeatSolve: 
HeatSolve: Starting Assembly...
HeatSolve: Assembly:
: .......Assembly done
ComputeChange: NS (ITER=5) (NRM,RELC): ( 0.15036195     0.72813328E-06 ) :: heat equation
HeatSolve: iter:    5 Assembly: (s)    7.56   38.69
HeatSolve: iter:    5 Solve:    (s)    1.84   44.20
HeatSolve:  Result Norm   :   0.15036195326127241
HeatSolve:  Relative Change :    7.2813327603554560E-007
TESInnerCircuit: T=  1.681254E-01 I=  1.593053E-04 P=  3.363155E-10
TESInnerCircuit: AbsorberT=  1.681254E-01
TESInnerCircuit: StycastT=  1.681253E-01
HeatSolve: 
HeatSolve: 
HeatSolve: -------------------------------------
HeatSolve:  TEMPERATURE ITERATION           6
HeatSolve: -------------------------------------
HeatSolve: 
HeatSolve: Starting Assembly...
HeatSolve: Assembly:
: .......Assembly done
ComputeChange: NS (ITER=6) (NRM,RELC): ( 0.15036196     0.25975271E-07 ) :: heat equation
HeatSolve: iter:    6 Assembly: (s)    7.41   46.10
HeatSolve: iter:    6 Solve:    (s)    1.83   46.03
HeatSolve:  Result Norm   :   0.15036195716696493
HeatSolve:  Relative Change :    2.5975270897745623E-008
TESInnerCircuit: T=  1.681245E-01 I=  1.593368E-04 P=  3.363155E-10
TESInnerCircuit: AbsorberT=  1.681254E-01
TESInnerCircuit: StycastT=  1.681253E-01
HeatSolve: 
HeatSolve: 
HeatSolve: -------------------------------------
HeatSolve:  TEMPERATURE ITERATION           7
HeatSolve: -------------------------------------
HeatSolve: 
HeatSolve: Starting Assembly...
HeatSolve: Assembly:
: .......Assembly done
ComputeChange: NS (ITER=7) (NRM,RELC): ( 0.15036196     0.12223492E-07 ) :: heat equation
HeatSolve: iter:    7 Assembly: (s)    7.45   53.55
HeatSolve: iter:    7 Solve:    (s)    1.86   47.89
HeatSolve:  Result Norm   :   0.15036195532901678
HeatSolve:  Relative Change :    1.2223491903431538E-008
TESInnerCircuit: T=  1.681246E-01 I=  1.593357E-04 P=  3.363155E-10
TESInnerCircuit: AbsorberT=  1.681254E-01
TESInnerCircuit: StycastT=  1.681253E-01
HeatSolve: 
HeatSolve: 
HeatSolve: -------------------------------------
HeatSolve:  TEMPERATURE ITERATION           8
HeatSolve: -------------------------------------
HeatSolve: 
HeatSolve: Starting Assembly...
HeatSolve: Assembly:
: .......Assembly done
ComputeChange: NS (ITER=8) (NRM,RELC): ( 0.15036196     0.21396009E-08 ) :: heat equation
HeatSolve: iter:    8 Assembly: (s)    7.47   61.03
HeatSolve: iter:    8 Solve:    (s)    1.83   49.72
HeatSolve:  Result Norm   :   0.15036195565073135
HeatSolve:  Relative Change :    2.1396008757753112E-009
ComputeChange: SS (ITER=1) (NRM,RELC): ( 0.15223674      2.0000000     ) :: heat equation
WARNING:: SaveCurrent: > Output File < for restart should not include directory: ../work/meshes/mesh_phase24_abs_conforming_bypass_stycast_abs/abs_bypass_1p05p.result
SaveResult: -----------------------------------------
SaveResult: Saving results to file: mesh_phase24_abs_conforming_bypass_stycast_abs/../work/meshes/mesh_phase24_abs_conforming_bypass_stycast_abs/abs_bypass_1p05p.result
SaveResult: Done writing results file
SaveResult: -----------------------------------------
MAIN: *** Elmer Solver: ALL DONE ***
MAIN: The end
SOLVER TOTAL TIME(CPU,REAL):       120.88      120.88
ELMER SOLVER FINISHED AT: 2026/09/23 21:47:26
