ELMER SOLVER (v 26.1) STARTED AT: 2026/09/23 21:43:33
ParCommInit: Initialize #PEs: 1
MAIN: OMP_NUM_THREADS not set. Using only 1 thread per task.
MAIN: 
MAIN: =============================================================
MAIN: ElmerSolver finite element software, Welcome!
MAIN: This program is free software licensed under (L)GPL
MAIN: Copyright 1st April 1995 - , CSC - IT Center for Science Ltd.
MAIN: Webpage http://www.csc.fi/elmer, Email elmeradm@csc.fi
MAIN: Version: 26.1 (Rev: 9916c3f05, Compiled: 2026-09-15)
MAIN:  Running one task without MPI parallelization.
MAIN:  Running with just one thread per task.
MAIN:  HYPRE library linked in.
MAIN:  MUMPS library linked in.
MAIN:  Lua interpreter linked in.
MAIN: =============================================================
MAIN: 
MAIN: 
MAIN: -------------------------------------
MAIN: Reading Model: artifacts/phase24_abs_connectivity_mortar_bypass/abs_bypass_1p00P.sif
LoadInputFile: Scanning input file: artifacts/phase24_abs_connectivity_mortar_bypass/abs_bypass_1p00P.sif
LoadInputFile: Scanning only size info
LoadInputFile: First time visiting
LoadInputFile: Reading base load of sif file
LoadInputFile: Loading input file: artifacts/phase24_abs_connectivity_mortar_bypass/abs_bypass_1p00P.sif
LoadInputFile: Reading base load of sif file
CheckKeyword:  Unlisted keyword: [tes series file] in section: [constants]
CheckKeyword:  Unlisted keyword: [tes state file] in section: [constants]
CheckKeyword:  Unlisted keyword: [tes bias current] in section: [constants]
CheckKeyword:  Unlisted keyword: [tes shunt resistance] in section: [constants]
CheckKeyword:  Unlisted keyword: [tes r0] in section: [constants]
CheckKeyword:  Unlisted keyword: [tes rmin] in section: [constants]
CheckKeyword:  Unlisted keyword: [tes alpha] in section: [constants]
CheckKeyword:  Unlisted keyword: [tes beta] in section: [constants]
CheckKeyword:  Unlisted keyword: [tes i0] in section: [constants]
CheckKeyword:  Unlisted keyword: [tes tc] in section: [constants]
CheckKeyword:  Unlisted keyword: [tes t0] in section: [constants]
CheckKeyword:  Unlisted keyword: [tes volume] in section: [constants]
CheckKeyword:  Unlisted keyword: [tes inductance] in section: [constants]
CheckKeyword:  Unlisted keyword: [tes iteration series file] in section: [constants]
CheckKeyword:  Unlisted keyword: [TES Inner Circuit Update] in section: [solver 1]
CheckKeyword:  Unlisted keyword: [TES Body ID] in section: [solver 1]
CheckKeyword:  Unlisted keyword: [TES Inner Circuit Step Commit] in section: [solver 1]
CheckKeyword:  Unlisted keyword: [TES Inner Circuit Freeze Power] in section: [solver 1]
CheckKeyword:  Unlisted keyword: [Phase24 Full Restriction Capture] in section: [solver 1]
CheckKeyword:  Unlisted keyword: [Phase24 Full Restriction Capture Prefix] in section: [solver 1]
CheckKeyword:  Unlisted keyword: [Phase24 Full Restriction Capture Timestep] in section: [solver 1]
CheckKeyword:  Unlisted keyword: [Phase24 Full Restriction Capture Max Iterations] in section: [solver 1]
Loading user function library: [tes_parallel_circuit]...[TESParallelHeatSource]
LoadInputFile: Number of BCs: 5
LoadInputFile: Number of Body Forces: 1
LoadInputFile: Number of Initial Conditions: 1
LoadInputFile: Number of Materials: 7
LoadInputFile: Number of Equations: 1
LoadInputFile: Number of Solvers: 1
LoadInputFile: Number of Bodies: 10
ElmerAsciiMesh: Base mesh name: work/meshes/mesh_phase24_abs_conforming_bypass_stycast_abs
LoadMesh: Elapsed REAL time:     6.0780 (s)
MAIN: -------------------------------------
OptimizeBandwidth: Initial bandwidth for heat equation: 4698
OptimizeBandwidth: Optimized bandwidth for heat equation: 2034
MAIN: Number of timesteps to be saved: 1
MAIN: 
MAIN: -------------------------------------
MAIN:  Steady state iteration:            1
MAIN: -------------------------------------
MAIN: 
 PlaneNormal: Selecting slave normal
 PlaneNormal selected:   0.0000000000000000        0.0000000000000000       -1.0000000000000000     
PeriodicProjector: Elapsed REAL time:     0.1850 (s)
 PlaneNormal: Selecting master normal
 PlaneNormal selected:  -0.0000000000000000       -0.0000000000000000       -1.0000000000000000     
PeriodicProjector: Elapsed REAL time:     0.9550 (s)
HeatSolver: Solving the energy equation for temperature
HeatSolve: 
HeatSolve: 
HeatSolve: -------------------------------------
HeatSolve:  TEMPERATURE ITERATION           1
HeatSolve: -------------------------------------
HeatSolve: 
HeatSolve: Starting Assembly...
HeatSolve: Assembly:
: ........Assembly done
SolveWithLinearRestriction: PHASE24_FULL_RESTRICTION_CAPTURE stage=before, timestep=1, nonlinear_iteration=1, time=  1.00000000E+00, dt=  1.00000000E+00, bdf_order=0, solver=direct, direct_method=mumps, total_rows=102154, primal_rows=99630, constraint_rows=2524, matrix_nnz=1415826, constraint_matrix_rows=2524, eliminate=0, penalty=0, restriction_active=1
ComputeChange: NS (ITER=1) (NRM,RELC): ( 0.15006192      2.0000000     ) :: heat equation
SolveWithLinearRestriction: PHASE24_FULL_RESTRICTION_CAPTURE stage=after, timestep=1, nonlinear_iteration=1, time=  1.00000000E+00, dt=  1.00000000E+00, bdf_order=0, solver=direct, direct_method=mumps, total_rows=102154, primal_rows=99630, constraint_rows=2524, matrix_nnz=1415826, constraint_matrix_rows=2524, eliminate=0, penalty=0, restriction_active=1
HeatSolve: iter:    1 Assembly: (s)    8.95    8.95
HeatSolve: iter:    1 Solve:    (s)   37.73   37.73
HeatSolve:  Result Norm   :   0.15006191948805225
HeatSolve:  Relative Change :    2.0000000000000000
TESInnerCircuit: T=  1.685700E-01 I=  1.435373E-04 P=  3.203005E-10
TESInnerCircuit: AbsorberT=  1.657817E-01
TESInnerCircuit: StycastT=  1.657816E-01
HeatSolve: 
HeatSolve: 
HeatSolve: -------------------------------------
HeatSolve:  TEMPERATURE ITERATION           2
HeatSolve: -------------------------------------
HeatSolve: 
HeatSolve: Starting Assembly...
HeatSolve: Assembly:
: .......Assembly done
ComputeChange: NS (ITER=2) (NRM,RELC): ( 0.15028254     0.14691013E-02 ) :: heat equation
HeatSolve: iter:    2 Assembly: (s)    7.38   16.32
HeatSolve: iter:    2 Solve:    (s)    1.82   39.55
HeatSolve:  Result Norm   :   0.15028253770807221
HeatSolve:  Relative Change :    1.4691013250555118E-003
TESInnerCircuit: T=  1.657809E-01 I=  2.494643E-04 P=  3.203005E-10
TESInnerCircuit: AbsorberT=  1.675198E-01
TESInnerCircuit: StycastT=  1.675198E-01
HeatSolve: 
HeatSolve: 
HeatSolve: -------------------------------------
HeatSolve:  TEMPERATURE ITERATION           3
HeatSolve: -------------------------------------
HeatSolve: 
HeatSolve: Starting Assembly...
HeatSolve: Assembly:
: .......Assembly done
ComputeChange: NS (ITER=3) (NRM,RELC): ( 0.15025868     0.15877274E-03 ) :: heat equation
HeatSolve: iter:    3 Assembly: (s)    7.48   23.81
HeatSolve: iter:    3 Solve:    (s)    1.82   41.38
HeatSolve:  Result Norm   :   0.15025867883202496
HeatSolve:  Relative Change :    1.5877273887368500E-004
TESInnerCircuit: T=  1.675190E-01 I=  1.816698E-04 P=  3.203005E-10
TESInnerCircuit: AbsorberT=  1.673295E-01
TESInnerCircuit: StycastT=  1.673294E-01
HeatSolve: 
HeatSolve: 
HeatSolve: -------------------------------------
HeatSolve:  TEMPERATURE ITERATION           4
HeatSolve: -------------------------------------
HeatSolve: 
HeatSolve: Starting Assembly...
HeatSolve: Assembly:
: .......Assembly done
ComputeChange: NS (ITER=4) (NRM,RELC): ( 0.15026031     0.10869729E-04 ) :: heat equation
HeatSolve: iter:    4 Assembly: (s)    7.36   31.17
HeatSolve: iter:    4 Solve:    (s)    1.80   43.18
HeatSolve:  Result Norm   :   0.15026031211202989
HeatSolve:  Relative Change :    1.0869729063085016E-005
TESInnerCircuit: T=  1.673287E-01 I=  1.888597E-04 P=  3.203005E-10
TESInnerCircuit: AbsorberT=  1.673426E-01
TESInnerCircuit: StycastT=  1.673425E-01
HeatSolve: 
HeatSolve: 
HeatSolve: -------------------------------------
HeatSolve:  TEMPERATURE ITERATION           5
HeatSolve: -------------------------------------
HeatSolve: 
HeatSolve: Starting Assembly...
HeatSolve: Assembly:
: .......Assembly done
ComputeChange: NS (ITER=5) (NRM,RELC): ( 0.15026021     0.64879341E-06 ) :: heat equation
HeatSolve: iter:    5 Assembly: (s)    7.49   38.65
HeatSolve: iter:    5 Solve:    (s)    1.82   45.00
HeatSolve:  Result Norm   :   0.15026021462416195
HeatSolve:  Relative Change :    6.4879340525397017E-007
TESInnerCircuit: T=  1.673418E-01 I=  1.883636E-04 P=  3.203005E-10
TESInnerCircuit: AbsorberT=  1.673418E-01
TESInnerCircuit: StycastT=  1.673417E-01
HeatSolve: 
HeatSolve: 
HeatSolve: -------------------------------------
HeatSolve:  TEMPERATURE ITERATION           6
HeatSolve: -------------------------------------
HeatSolve: 
HeatSolve: Starting Assembly...
HeatSolve: Assembly:
: .......Assembly done
ComputeChange: NS (ITER=6) (NRM,RELC): ( 0.15026022     0.48442278E-07 ) :: heat equation
HeatSolve: iter:    6 Assembly: (s)    7.31   45.96
HeatSolve: iter:    6 Solve:    (s)    1.84   46.84
HeatSolve:  Result Norm   :   0.15026022190310914
HeatSolve:  Relative Change :    4.8442277530952700E-008
TESInnerCircuit: T=  1.673410E-01 I=  1.883932E-04 P=  3.203005E-10
TESInnerCircuit: AbsorberT=  1.673419E-01
TESInnerCircuit: StycastT=  1.673418E-01
HeatSolve: 
HeatSolve: 
HeatSolve: -------------------------------------
HeatSolve:  TEMPERATURE ITERATION           7
HeatSolve: -------------------------------------
HeatSolve: 
HeatSolve: Starting Assembly...
HeatSolve: Assembly:
: .......Assembly done
ComputeChange: NS (ITER=7) (NRM,RELC): ( 0.15026022     0.84248094E-08 ) :: heat equation
HeatSolve: iter:    7 Assembly: (s)    7.44   53.40
HeatSolve: iter:    7 Solve:    (s)    1.84   48.68
HeatSolve:  Result Norm   :   0.15026022316902288
HeatSolve:  Relative Change :    8.4248093978781343E-009
ComputeChange: SS (ITER=1) (NRM,RELC): ( 0.15213541      2.0000000     ) :: heat equation
WARNING:: SaveCurrent: > Output File < for restart should not include directory: ../work/meshes/mesh_phase24_abs_conforming_bypass_stycast_abs/abs_bypass_1p00p.result
SaveResult: -----------------------------------------
SaveResult: Saving results to file: mesh_phase24_abs_conforming_bypass_stycast_abs/../work/meshes/mesh_phase24_abs_conforming_bypass_stycast_abs/abs_bypass_1p00p.result
SaveResult: Done writing results file
SaveResult: -----------------------------------------
MAIN: *** Elmer Solver: ALL DONE ***
MAIN: The end
SOLVER TOTAL TIME(CPU,REAL):       112.63      112.63
ELMER SOLVER FINISHED AT: 2026/09/23 21:45:25
