ELMER SOLVER (v 26.1) STARTED AT: 2026/09/23 23:37:28
ParCommInit: Initialize #PEs: 1
MAIN: OMP_NUM_THREADS not set. Using only 1 thread per task.
MAIN: 
MAIN: =============================================================
MAIN: ElmerSolver finite element software, Welcome!
MAIN: This program is free software licensed under (L)GPL
MAIN: Copyright 1st April 1995 - , CSC - IT Center for Science Ltd.
MAIN: Webpage http://www.csc.fi/elmer, Email elmeradm@csc.fi
MAIN: Version: 26.1 (Rev: 9916c3f05, Compiled: 2026-09-15)
MAIN:  Running one task without MPI parallelization.
MAIN:  Running with just one thread per task.
MAIN:  HYPRE library linked in.
MAIN:  MUMPS library linked in.
MAIN:  Lua interpreter linked in.
MAIN: =============================================================
MAIN: 
MAIN: 
MAIN: -------------------------------------
MAIN: Reading Model: artifacts/phase24_tes_stycast_connectivity_mortar_bypass_v4/tes_stycast_bypass_1p00P.sif
LoadInputFile: Scanning input file: artifacts/phase24_tes_stycast_connectivity_mortar_bypass_v4/tes_stycast_bypass_1p00P.sif
LoadInputFile: Scanning only size info
LoadInputFile: First time visiting
LoadInputFile: Reading base load of sif file
LoadInputFile: Loading input file: artifacts/phase24_tes_stycast_connectivity_mortar_bypass_v4/tes_stycast_bypass_1p00P.sif
LoadInputFile: Reading base load of sif file
CheckKeyword:  Unlisted keyword: [tes series file] in section: [constants]
CheckKeyword:  Unlisted keyword: [tes state file] in section: [constants]
CheckKeyword:  Unlisted keyword: [tes bias current] in section: [constants]
CheckKeyword:  Unlisted keyword: [tes shunt resistance] in section: [constants]
CheckKeyword:  Unlisted keyword: [tes r0] in section: [constants]
CheckKeyword:  Unlisted keyword: [tes rmin] in section: [constants]
CheckKeyword:  Unlisted keyword: [tes alpha] in section: [constants]
CheckKeyword:  Unlisted keyword: [tes beta] in section: [constants]
CheckKeyword:  Unlisted keyword: [tes i0] in section: [constants]
CheckKeyword:  Unlisted keyword: [tes tc] in section: [constants]
CheckKeyword:  Unlisted keyword: [tes t0] in section: [constants]
CheckKeyword:  Unlisted keyword: [tes volume] in section: [constants]
CheckKeyword:  Unlisted keyword: [tes inductance] in section: [constants]
CheckKeyword:  Unlisted keyword: [tes iteration series file] in section: [constants]
CheckKeyword:  Unlisted keyword: [TES Inner Circuit Update] in section: [solver 1]
CheckKeyword:  Unlisted keyword: [TES Body ID] in section: [solver 1]
CheckKeyword:  Unlisted keyword: [TES Inner Circuit Step Commit] in section: [solver 1]
CheckKeyword:  Unlisted keyword: [TES Inner Circuit Freeze Power] in section: [solver 1]
CheckKeyword:  Unlisted keyword: [Phase24 Full Restriction Capture] in section: [solver 1]
CheckKeyword:  Unlisted keyword: [Phase24 Full Restriction Capture Prefix] in section: [solver 1]
CheckKeyword:  Unlisted keyword: [Phase24 Full Restriction Capture Timestep] in section: [solver 1]
CheckKeyword:  Unlisted keyword: [Phase24 Full Restriction Capture Max Iterations] in section: [solver 1]
Loading user function library: [tes_parallel_circuit]...[TESParallelHeatSource]
LoadInputFile: Number of BCs: 7
WARNING:: LoadInputFile: Entry missing for: Boundary Condition 4
WARNING:: LoadInputFile: Entry missing for: Boundary Condition 5
LoadInputFile: Number of Body Forces: 1
LoadInputFile: Number of Initial Conditions: 1
LoadInputFile: Number of Materials: 7
LoadInputFile: Number of Equations: 1
LoadInputFile: Number of Solvers: 1
LoadInputFile: Number of Bodies: 10
ElmerAsciiMesh: Base mesh name: work/meshes/mesh_phase24_tes_stycast_conforming_bypass_v4
LoadMesh: Elapsed REAL time:     6.0600 (s)
MAIN: -------------------------------------
OptimizeBandwidth: Initial bandwidth for heat equation: 6304
OptimizeBandwidth: Optimized bandwidth for heat equation: 2388
MAIN: Number of timesteps to be saved: 1
MAIN: 
MAIN: -------------------------------------
MAIN:  Steady state iteration:            1
MAIN: -------------------------------------
MAIN: 
 PlaneNormal: Selecting slave normal
 PlaneNormal selected:   0.0000000000000000        0.0000000000000000       -1.0000000000000000     
PeriodicProjector: Elapsed REAL time:     3.0720 (s)
 PlaneNormal: Selecting slave normal
 PlaneNormal selected:   0.0000000000000000        0.0000000000000000        1.0000000000000000     
PeriodicProjector: Elapsed REAL time:     0.0930 (s)
HeatSolver: Solving the energy equation for temperature
HeatSolve: 
HeatSolve: 
HeatSolve: -------------------------------------
HeatSolve:  TEMPERATURE ITERATION           1
HeatSolve: -------------------------------------
HeatSolve: 
HeatSolve: Starting Assembly...
HeatSolve: Assembly:
: .........Assembly done
SolveWithLinearRestriction: PHASE24_FULL_RESTRICTION_CAPTURE stage=before, timestep=1, nonlinear_iteration=1, time=  1.00000000E+00, dt=  1.00000000E+00, bdf_order=0, solver=direct, direct_method=mumps, total_rows=105235, primal_rows=104361, constraint_rows=874, matrix_nnz=1462231, constraint_matrix_rows=874, eliminate=0, penalty=0, restriction_active=1
ComputeChange: NS (ITER=1) (NRM,RELC): ( 0.15209430      2.0000000     ) :: heat equation
SolveWithLinearRestriction: PHASE24_FULL_RESTRICTION_CAPTURE stage=after, timestep=1, nonlinear_iteration=1, time=  1.00000000E+00, dt=  1.00000000E+00, bdf_order=0, solver=direct, direct_method=mumps, total_rows=105235, primal_rows=104361, constraint_rows=874, matrix_nnz=1462231, constraint_matrix_rows=874, eliminate=0, penalty=0, restriction_active=1
HeatSolve: iter:    1 Assembly: (s)   11.65   11.65
HeatSolve: iter:    1 Solve:    (s)   36.56   36.56
HeatSolve:  Result Norm   :   0.15209429893161486
HeatSolve:  Relative Change :    2.0000000000000000
TESInnerCircuit: T=  1.685700E-01 I=  1.435373E-04 P=  3.203005E-10
TESInnerCircuit: AbsorberT=  1.659533E-01
TESInnerCircuit: StycastT=  1.659532E-01
HeatSolve: 
HeatSolve: 
HeatSolve: -------------------------------------
HeatSolve:  TEMPERATURE ITERATION           2
HeatSolve: -------------------------------------
HeatSolve: 
HeatSolve: Starting Assembly...
HeatSolve: Assembly:
: ........Assembly done
ComputeChange: NS (ITER=2) (NRM,RELC): ( 0.15239248     0.19585773E-02 ) :: heat equation
HeatSolve: iter:    2 Assembly: (s)    9.98   21.63
HeatSolve: iter:    2 Solve:    (s)    1.75   38.31
HeatSolve:  Result Norm   :   0.15239247938340386
HeatSolve:  Relative Change :    1.9585773375059975E-003
TESInnerCircuit: T=  1.659528E-01 I=  2.425841E-04 P=  3.203005E-10
TESInnerCircuit: AbsorberT=  1.677108E-01
TESInnerCircuit: StycastT=  1.677108E-01
HeatSolve: 
HeatSolve: 
HeatSolve: -------------------------------------
HeatSolve:  TEMPERATURE ITERATION           3
HeatSolve: -------------------------------------
HeatSolve: 
HeatSolve: Starting Assembly...
HeatSolve: Assembly:
: ........Assembly done
ComputeChange: NS (ITER=3) (NRM,RELC): ( 0.15236115     0.20563107E-03 ) :: heat equation
HeatSolve: iter:    3 Assembly: (s)    9.91   31.54
HeatSolve: iter:    3 Solve:    (s)    1.74   40.05
HeatSolve:  Result Norm   :   0.15236114597614964
HeatSolve:  Relative Change :    2.0563107144177303E-004
TESInnerCircuit: T=  1.677104E-01 I=  1.745185E-04 P=  3.203005E-10
TESInnerCircuit: AbsorberT=  1.675224E-01
TESInnerCircuit: StycastT=  1.675223E-01
HeatSolve: 
HeatSolve: 
HeatSolve: -------------------------------------
HeatSolve:  TEMPERATURE ITERATION           4
HeatSolve: -------------------------------------
HeatSolve: 
HeatSolve: Starting Assembly...
HeatSolve: Assembly:
: ........Assembly done
ComputeChange: NS (ITER=4) (NRM,RELC): ( 0.15236338     0.14646592E-04 ) :: heat equation
HeatSolve: iter:    4 Assembly: (s)   10.01   41.55
HeatSolve: iter:    4 Solve:    (s)    1.74   41.78
HeatSolve:  Result Norm   :   0.15236337756404819
HeatSolve:  Relative Change :    1.4646592093269567E-005
TESInnerCircuit: T=  1.675219E-01 I=  1.815622E-04 P=  3.203005E-10
TESInnerCircuit: AbsorberT=  1.675360E-01
TESInnerCircuit: StycastT=  1.675359E-01
HeatSolve: 
HeatSolve: 
HeatSolve: -------------------------------------
HeatSolve:  TEMPERATURE ITERATION           5
HeatSolve: -------------------------------------
HeatSolve: 
HeatSolve: Starting Assembly...
HeatSolve: Assembly:
: ........Assembly done
ComputeChange: NS (ITER=5) (NRM,RELC): ( 0.15236323     0.93746756E-06 ) :: heat equation
HeatSolve: iter:    5 Assembly: (s)    9.87   51.42
HeatSolve: iter:    5 Solve:    (s)    1.87   43.66
HeatSolve:  Result Norm   :   0.15236323472839072
HeatSolve:  Relative Change :    9.3746756408229200E-007
TESInnerCircuit: T=  1.675355E-01 I=  1.810504E-04 P=  3.203005E-10
TESInnerCircuit: AbsorberT=  1.675351E-01
TESInnerCircuit: StycastT=  1.675351E-01
HeatSolve: 
HeatSolve: 
HeatSolve: -------------------------------------
HeatSolve:  TEMPERATURE ITERATION           6
HeatSolve: -------------------------------------
HeatSolve: 
HeatSolve: Starting Assembly...
HeatSolve: Assembly:
: ........Assembly done
ComputeChange: NS (ITER=6) (NRM,RELC): ( 0.15236325     0.79892736E-07 ) :: heat equation
HeatSolve: iter:    6 Assembly: (s)   10.13   61.55
HeatSolve: iter:    6 Solve:    (s)    1.76   45.41
HeatSolve:  Result Norm   :   0.15236324690110684
HeatSolve:  Relative Change :    7.9892735595381660E-008
TESInnerCircuit: T=  1.675347E-01 I=  1.810833E-04 P=  3.203005E-10
TESInnerCircuit: AbsorberT=  1.675352E-01
TESInnerCircuit: StycastT=  1.675351E-01
HeatSolve: 
HeatSolve: 
HeatSolve: -------------------------------------
HeatSolve:  TEMPERATURE ITERATION           7
HeatSolve: -------------------------------------
HeatSolve: 
HeatSolve: Starting Assembly...
HeatSolve: Assembly:
: ........Assembly done
ComputeChange: NS (ITER=7) (NRM,RELC): ( 0.15236324     0.25902360E-07 ) :: heat equation
HeatSolve: iter:    7 Assembly: (s)   10.47   72.02
HeatSolve: iter:    7 Solve:    (s)    1.97   47.38
HeatSolve:  Result Norm   :   0.15236324295453921
HeatSolve:  Relative Change :    2.5902360048344867E-008
TESInnerCircuit: T=  1.675347E-01 I=  1.810805E-04 P=  3.203005E-10
TESInnerCircuit: AbsorberT=  1.675352E-01
TESInnerCircuit: StycastT=  1.675351E-01
HeatSolve: 
HeatSolve: 
HeatSolve: -------------------------------------
HeatSolve:  TEMPERATURE ITERATION           8
HeatSolve: -------------------------------------
HeatSolve: 
HeatSolve: Starting Assembly...
HeatSolve: Assembly:
: .........Assembly done
ComputeChange: NS (ITER=8) (NRM,RELC): ( 0.15236324     0.16677709E-07 ) :: heat equation
HeatSolve: iter:    8 Assembly: (s)   11.26   83.28
HeatSolve: iter:    8 Solve:    (s)    1.73   49.11
HeatSolve:  Result Norm   :   0.15236324041346938
HeatSolve:  Relative Change :    1.6677709129135796E-008
TESInnerCircuit: T=  1.675347E-01 I=  1.810814E-04 P=  3.203005E-10
TESInnerCircuit: AbsorberT=  1.675351E-01
TESInnerCircuit: StycastT=  1.675351E-01
HeatSolve: 
HeatSolve: 
HeatSolve: -------------------------------------
HeatSolve:  TEMPERATURE ITERATION           9
HeatSolve: -------------------------------------
HeatSolve: 
HeatSolve: Starting Assembly...
HeatSolve: Assembly:
: ........Assembly done
ComputeChange: NS (ITER=9) (NRM,RELC): ( 0.15236324     0.11467390E-08 ) :: heat equation
HeatSolve: iter:    9 Assembly: (s)   10.15   93.43
HeatSolve: iter:    9 Solve:    (s)    1.76   50.87
HeatSolve:  Result Norm   :   0.15236324023874850
HeatSolve:  Relative Change :    1.1467390446779466E-009
ComputeChange: SS (ITER=1) (NRM,RELC): ( 0.15291819      2.0000000     ) :: heat equation
WARNING:: SaveCurrent: > Output File < for restart should not include directory: ../work/meshes/mesh_phase24_tes_stycast_conforming_bypass_v4/tes_stycast_bypass_1p00p.result
SaveResult: -----------------------------------------
SaveResult: Saving results to file: mesh_phase24_tes_stycast_conforming_bypass_v4/../work/meshes/mesh_phase24_tes_stycast_conforming_bypass_v4/tes_stycast_bypass_1p00p.result
SaveResult: Done writing results file
SaveResult: -----------------------------------------
MAIN: *** Elmer Solver: ALL DONE ***
MAIN: The end
SOLVER TOTAL TIME(CPU,REAL):       156.86      156.86
ELMER SOLVER FINISHED AT: 2026/09/23 23:40:05
