ELMER SOLVER (v 26.1) STARTED AT: 2026/09/23 23:35:18
ParCommInit: Initialize #PEs: 1
MAIN: OMP_NUM_THREADS not set. Using only 1 thread per task.
MAIN: 
MAIN: =============================================================
MAIN: ElmerSolver finite element software, Welcome!
MAIN: This program is free software licensed under (L)GPL
MAIN: Copyright 1st April 1995 - , CSC - IT Center for Science Ltd.
MAIN: Webpage http://www.csc.fi/elmer, Email elmeradm@csc.fi
MAIN: Version: 26.1 (Rev: 9916c3f05, Compiled: 2026-09-15)
MAIN:  Running one task without MPI parallelization.
MAIN:  Running with just one thread per task.
MAIN:  HYPRE library linked in.
MAIN:  MUMPS library linked in.
MAIN:  Lua interpreter linked in.
MAIN: =============================================================
MAIN: 
MAIN: 
MAIN: -------------------------------------
MAIN: Reading Model: artifacts/phase24_tes_stycast_connectivity_mortar_bypass_v4/tes_stycast_bypass_0p95P.sif
LoadInputFile: Scanning input file: artifacts/phase24_tes_stycast_connectivity_mortar_bypass_v4/tes_stycast_bypass_0p95P.sif
LoadInputFile: Scanning only size info
LoadInputFile: First time visiting
LoadInputFile: Reading base load of sif file
LoadInputFile: Loading input file: artifacts/phase24_tes_stycast_connectivity_mortar_bypass_v4/tes_stycast_bypass_0p95P.sif
LoadInputFile: Reading base load of sif file
CheckKeyword:  Unlisted keyword: [tes series file] in section: [constants]
CheckKeyword:  Unlisted keyword: [tes state file] in section: [constants]
CheckKeyword:  Unlisted keyword: [tes bias current] in section: [constants]
CheckKeyword:  Unlisted keyword: [tes shunt resistance] in section: [constants]
CheckKeyword:  Unlisted keyword: [tes r0] in section: [constants]
CheckKeyword:  Unlisted keyword: [tes rmin] in section: [constants]
CheckKeyword:  Unlisted keyword: [tes alpha] in section: [constants]
CheckKeyword:  Unlisted keyword: [tes beta] in section: [constants]
CheckKeyword:  Unlisted keyword: [tes i0] in section: [constants]
CheckKeyword:  Unlisted keyword: [tes tc] in section: [constants]
CheckKeyword:  Unlisted keyword: [tes t0] in section: [constants]
CheckKeyword:  Unlisted keyword: [tes volume] in section: [constants]
CheckKeyword:  Unlisted keyword: [tes inductance] in section: [constants]
CheckKeyword:  Unlisted keyword: [tes iteration series file] in section: [constants]
CheckKeyword:  Unlisted keyword: [TES Inner Circuit Update] in section: [solver 1]
CheckKeyword:  Unlisted keyword: [TES Body ID] in section: [solver 1]
CheckKeyword:  Unlisted keyword: [TES Inner Circuit Step Commit] in section: [solver 1]
CheckKeyword:  Unlisted keyword: [TES Inner Circuit Freeze Power] in section: [solver 1]
CheckKeyword:  Unlisted keyword: [Phase24 Full Restriction Capture] in section: [solver 1]
CheckKeyword:  Unlisted keyword: [Phase24 Full Restriction Capture Prefix] in section: [solver 1]
CheckKeyword:  Unlisted keyword: [Phase24 Full Restriction Capture Timestep] in section: [solver 1]
CheckKeyword:  Unlisted keyword: [Phase24 Full Restriction Capture Max Iterations] in section: [solver 1]
Loading user function library: [tes_parallel_circuit]...[TESParallelHeatSource]
LoadInputFile: Number of BCs: 7
WARNING:: LoadInputFile: Entry missing for: Boundary Condition 4
WARNING:: LoadInputFile: Entry missing for: Boundary Condition 5
LoadInputFile: Number of Body Forces: 1
LoadInputFile: Number of Initial Conditions: 1
LoadInputFile: Number of Materials: 7
LoadInputFile: Number of Equations: 1
LoadInputFile: Number of Solvers: 1
LoadInputFile: Number of Bodies: 10
ElmerAsciiMesh: Base mesh name: work/meshes/mesh_phase24_tes_stycast_conforming_bypass_v4
LoadMesh: Elapsed REAL time:     5.9000 (s)
MAIN: -------------------------------------
OptimizeBandwidth: Initial bandwidth for heat equation: 6304
OptimizeBandwidth: Optimized bandwidth for heat equation: 2388
MAIN: Number of timesteps to be saved: 1
MAIN: 
MAIN: -------------------------------------
MAIN:  Steady state iteration:            1
MAIN: -------------------------------------
MAIN: 
 PlaneNormal: Selecting slave normal
 PlaneNormal selected:   0.0000000000000000        0.0000000000000000       -1.0000000000000000     
PeriodicProjector: Elapsed REAL time:     2.7790 (s)
 PlaneNormal: Selecting slave normal
 PlaneNormal selected:   0.0000000000000000        0.0000000000000000        1.0000000000000000     
PeriodicProjector: Elapsed REAL time:     0.0840 (s)
HeatSolver: Solving the energy equation for temperature
HeatSolve: 
HeatSolve: 
HeatSolve: -------------------------------------
HeatSolve:  TEMPERATURE ITERATION           1
HeatSolve: -------------------------------------
HeatSolve: 
HeatSolve: Starting Assembly...
HeatSolve: Assembly:
: .........Assembly done
SolveWithLinearRestriction: PHASE24_FULL_RESTRICTION_CAPTURE stage=before, timestep=1, nonlinear_iteration=1, time=  1.00000000E+00, dt=  1.00000000E+00, bdf_order=0, solver=direct, direct_method=mumps, total_rows=105235, primal_rows=104361, constraint_rows=874, matrix_nnz=1462231, constraint_matrix_rows=874, eliminate=0, penalty=0, restriction_active=1
ComputeChange: NS (ITER=1) (NRM,RELC): ( 0.15194922      2.0000000     ) :: heat equation
SolveWithLinearRestriction: PHASE24_FULL_RESTRICTION_CAPTURE stage=after, timestep=1, nonlinear_iteration=1, time=  1.00000000E+00, dt=  1.00000000E+00, bdf_order=0, solver=direct, direct_method=mumps, total_rows=105235, primal_rows=104361, constraint_rows=874, matrix_nnz=1462231, constraint_matrix_rows=874, eliminate=0, penalty=0, restriction_active=1
HeatSolve: iter:    1 Assembly: (s)   11.22   11.22
HeatSolve: iter:    1 Solve:    (s)   35.68   35.68
HeatSolve:  Result Norm   :   0.15194921989623358
HeatSolve:  Relative Change :    2.0000000000000000
TESInnerCircuit: T=  1.685700E-01 I=  1.435373E-04 P=  3.042855E-10
TESInnerCircuit: AbsorberT=  1.651556E-01
TESInnerCircuit: StycastT=  1.651556E-01
HeatSolve: 
HeatSolve: 
HeatSolve: -------------------------------------
HeatSolve:  TEMPERATURE ITERATION           2
HeatSolve: -------------------------------------
HeatSolve: 
HeatSolve: Starting Assembly...
HeatSolve: Assembly:
: ........Assembly done
ComputeChange: NS (ITER=2) (NRM,RELC): ( 0.15224397     0.19378840E-02 ) :: heat equation
HeatSolve: iter:    2 Assembly: (s)    9.87   21.09
HeatSolve: iter:    2 Solve:    (s)    1.76   37.44
HeatSolve:  Result Norm   :   0.15224396544891569
HeatSolve:  Relative Change :    1.9378839953148709E-003
TESInnerCircuit: T=  1.651552E-01 I=  2.747405E-04 P=  3.042855E-10
TESInnerCircuit: AbsorberT=  1.669000E-01
TESInnerCircuit: StycastT=  1.669000E-01
HeatSolve: 
HeatSolve: 
HeatSolve: -------------------------------------
HeatSolve:  TEMPERATURE ITERATION           3
HeatSolve: -------------------------------------
HeatSolve: 
HeatSolve: Starting Assembly...
HeatSolve: Assembly:
: ........Assembly done
ComputeChange: NS (ITER=3) (NRM,RELC): ( 0.15221477     0.19178414E-03 ) :: heat equation
HeatSolve: iter:    3 Assembly: (s)    9.98   31.07
HeatSolve: iter:    3 Solve:    (s)    1.82   39.26
HeatSolve:  Result Norm   :   0.15221477027106628
HeatSolve:  Relative Change :    1.9178413639780082E-004
TESInnerCircuit: T=  1.668996E-01 I=  2.053150E-04 P=  3.042855E-10
TESInnerCircuit: AbsorberT=  1.667239E-01
TESInnerCircuit: StycastT=  1.667238E-01
HeatSolve: 
HeatSolve: 
HeatSolve: -------------------------------------
HeatSolve:  TEMPERATURE ITERATION           4
HeatSolve: -------------------------------------
HeatSolve: 
HeatSolve: Starting Assembly...
HeatSolve: Assembly:
: ........Assembly done
ComputeChange: NS (ITER=4) (NRM,RELC): ( 0.15221674     0.12962435E-04 ) :: heat equation
HeatSolve: iter:    4 Assembly: (s)    9.88   40.95
HeatSolve: iter:    4 Solve:    (s)    1.77   41.03
HeatSolve:  Result Norm   :   0.15221674335786847
HeatSolve:  Relative Change :    1.2962434661726409E-005
TESInnerCircuit: T=  1.667235E-01 I=  2.121565E-04 P=  3.042855E-10
TESInnerCircuit: AbsorberT=  1.667359E-01
TESInnerCircuit: StycastT=  1.667359E-01
HeatSolve: 
HeatSolve: 
HeatSolve: -------------------------------------
HeatSolve:  TEMPERATURE ITERATION           5
HeatSolve: -------------------------------------
HeatSolve: 
HeatSolve: Starting Assembly...
HeatSolve: Assembly:
: ........Assembly done
ComputeChange: NS (ITER=5) (NRM,RELC): ( 0.15221662     0.79989186E-06 ) :: heat equation
HeatSolve: iter:    5 Assembly: (s)   10.00   50.96
HeatSolve: iter:    5 Solve:    (s)    1.80   42.84
HeatSolve:  Result Norm   :   0.15221662160098337
HeatSolve:  Relative Change :    7.9989185888624005E-007
TESInnerCircuit: T=  1.667355E-01 I=  2.116860E-04 P=  3.042855E-10
TESInnerCircuit: AbsorberT=  1.667352E-01
TESInnerCircuit: StycastT=  1.667352E-01
HeatSolve: 
HeatSolve: 
HeatSolve: -------------------------------------
HeatSolve:  TEMPERATURE ITERATION           6
HeatSolve: -------------------------------------
HeatSolve: 
HeatSolve: Starting Assembly...
HeatSolve: Assembly:
: ........Assembly done
ComputeChange: NS (ITER=6) (NRM,RELC): ( 0.15221663     0.27127279E-07 ) :: heat equation
HeatSolve: iter:    6 Assembly: (s)   10.26   61.22
HeatSolve: iter:    6 Solve:    (s)    1.85   44.69
HeatSolve:  Result Norm   :   0.15221662573020614
HeatSolve:  Relative Change :    2.7127278675805903E-008
TESInnerCircuit: T=  1.667348E-01 I=  2.117151E-04 P=  3.042855E-10
TESInnerCircuit: AbsorberT=  1.667352E-01
TESInnerCircuit: StycastT=  1.667352E-01
HeatSolve: 
HeatSolve: 
HeatSolve: -------------------------------------
HeatSolve:  TEMPERATURE ITERATION           7
HeatSolve: -------------------------------------
HeatSolve: 
HeatSolve: Starting Assembly...
HeatSolve: Assembly:
: ........Assembly done
ComputeChange: NS (ITER=7) (NRM,RELC): ( 0.15221663     0.15250776E-08 ) :: heat equation
HeatSolve: iter:    7 Assembly: (s)   10.16   71.38
HeatSolve: iter:    7 Solve:    (s)    1.80   46.49
HeatSolve:  Result Norm   :   0.15221662549806397
HeatSolve:  Relative Change :    1.5250776034754437E-009
ComputeChange: SS (ITER=1) (NRM,RELC): ( 0.15277927      2.0000000     ) :: heat equation
WARNING:: SaveCurrent: > Output File < for restart should not include directory: ../work/meshes/mesh_phase24_tes_stycast_conforming_bypass_v4/tes_stycast_bypass_0p95p.result
SaveResult: -----------------------------------------
SaveResult: Saving results to file: mesh_phase24_tes_stycast_conforming_bypass_v4/../work/meshes/mesh_phase24_tes_stycast_conforming_bypass_v4/tes_stycast_bypass_0p95p.result
SaveResult: Done writing results file
SaveResult: -----------------------------------------
MAIN: *** Elmer Solver: ALL DONE ***
MAIN: The end
SOLVER TOTAL TIME(CPU,REAL):       129.88      129.88
ELMER SOLVER FINISHED AT: 2026/09/23 23:37:28
