ELMER SOLVER (v 26.1) STARTED AT: 2026/09/23 23:40:05
ParCommInit: Initialize #PEs: 1
MAIN: OMP_NUM_THREADS not set. Using only 1 thread per task.
MAIN: 
MAIN: =============================================================
MAIN: ElmerSolver finite element software, Welcome!
MAIN: This program is free software licensed under (L)GPL
MAIN: Copyright 1st April 1995 - , CSC - IT Center for Science Ltd.
MAIN: Webpage http://www.csc.fi/elmer, Email elmeradm@csc.fi
MAIN: Version: 26.1 (Rev: 9916c3f05, Compiled: 2026-09-15)
MAIN:  Running one task without MPI parallelization.
MAIN:  Running with just one thread per task.
MAIN:  HYPRE library linked in.
MAIN:  MUMPS library linked in.
MAIN:  Lua interpreter linked in.
MAIN: =============================================================
MAIN: 
MAIN: 
MAIN: -------------------------------------
MAIN: Reading Model: artifacts/phase24_tes_stycast_connectivity_mortar_bypass_v4/tes_stycast_bypass_1p05P.sif
LoadInputFile: Scanning input file: artifacts/phase24_tes_stycast_connectivity_mortar_bypass_v4/tes_stycast_bypass_1p05P.sif
LoadInputFile: Scanning only size info
LoadInputFile: First time visiting
LoadInputFile: Reading base load of sif file
LoadInputFile: Loading input file: artifacts/phase24_tes_stycast_connectivity_mortar_bypass_v4/tes_stycast_bypass_1p05P.sif
LoadInputFile: Reading base load of sif file
CheckKeyword:  Unlisted keyword: [tes series file] in section: [constants]
CheckKeyword:  Unlisted keyword: [tes state file] in section: [constants]
CheckKeyword:  Unlisted keyword: [tes bias current] in section: [constants]
CheckKeyword:  Unlisted keyword: [tes shunt resistance] in section: [constants]
CheckKeyword:  Unlisted keyword: [tes r0] in section: [constants]
CheckKeyword:  Unlisted keyword: [tes rmin] in section: [constants]
CheckKeyword:  Unlisted keyword: [tes alpha] in section: [constants]
CheckKeyword:  Unlisted keyword: [tes beta] in section: [constants]
CheckKeyword:  Unlisted keyword: [tes i0] in section: [constants]
CheckKeyword:  Unlisted keyword: [tes tc] in section: [constants]
CheckKeyword:  Unlisted keyword: [tes t0] in section: [constants]
CheckKeyword:  Unlisted keyword: [tes volume] in section: [constants]
CheckKeyword:  Unlisted keyword: [tes inductance] in section: [constants]
CheckKeyword:  Unlisted keyword: [tes iteration series file] in section: [constants]
CheckKeyword:  Unlisted keyword: [TES Inner Circuit Update] in section: [solver 1]
CheckKeyword:  Unlisted keyword: [TES Body ID] in section: [solver 1]
CheckKeyword:  Unlisted keyword: [TES Inner Circuit Step Commit] in section: [solver 1]
CheckKeyword:  Unlisted keyword: [TES Inner Circuit Freeze Power] in section: [solver 1]
CheckKeyword:  Unlisted keyword: [Phase24 Full Restriction Capture] in section: [solver 1]
CheckKeyword:  Unlisted keyword: [Phase24 Full Restriction Capture Prefix] in section: [solver 1]
CheckKeyword:  Unlisted keyword: [Phase24 Full Restriction Capture Timestep] in section: [solver 1]
CheckKeyword:  Unlisted keyword: [Phase24 Full Restriction Capture Max Iterations] in section: [solver 1]
Loading user function library: [tes_parallel_circuit]...[TESParallelHeatSource]
LoadInputFile: Number of BCs: 7
WARNING:: LoadInputFile: Entry missing for: Boundary Condition 4
WARNING:: LoadInputFile: Entry missing for: Boundary Condition 5
LoadInputFile: Number of Body Forces: 1
LoadInputFile: Number of Initial Conditions: 1
LoadInputFile: Number of Materials: 7
LoadInputFile: Number of Equations: 1
LoadInputFile: Number of Solvers: 1
LoadInputFile: Number of Bodies: 10
ElmerAsciiMesh: Base mesh name: work/meshes/mesh_phase24_tes_stycast_conforming_bypass_v4
LoadMesh: Elapsed REAL time:     6.1820 (s)
MAIN: -------------------------------------
OptimizeBandwidth: Initial bandwidth for heat equation: 6304
OptimizeBandwidth: Optimized bandwidth for heat equation: 2388
MAIN: Number of timesteps to be saved: 1
MAIN: 
MAIN: -------------------------------------
MAIN:  Steady state iteration:            1
MAIN: -------------------------------------
MAIN: 
 PlaneNormal: Selecting slave normal
 PlaneNormal selected:   0.0000000000000000        0.0000000000000000       -1.0000000000000000     
PeriodicProjector: Elapsed REAL time:     2.9120 (s)
 PlaneNormal: Selecting slave normal
 PlaneNormal selected:   0.0000000000000000        0.0000000000000000        1.0000000000000000     
PeriodicProjector: Elapsed REAL time:     0.0820 (s)
HeatSolver: Solving the energy equation for temperature
HeatSolve: 
HeatSolve: 
HeatSolve: -------------------------------------
HeatSolve:  TEMPERATURE ITERATION           1
HeatSolve: -------------------------------------
HeatSolve: 
HeatSolve: Starting Assembly...
HeatSolve: Assembly:
: .........Assembly done
SolveWithLinearRestriction: PHASE24_FULL_RESTRICTION_CAPTURE stage=before, timestep=1, nonlinear_iteration=1, time=  1.00000000E+00, dt=  1.00000000E+00, bdf_order=0, solver=direct, direct_method=mumps, total_rows=105235, primal_rows=104361, constraint_rows=874, matrix_nnz=1462231, constraint_matrix_rows=874, eliminate=0, penalty=0, restriction_active=1
ComputeChange: NS (ITER=1) (NRM,RELC): ( 0.15224032      2.0000000     ) :: heat equation
SolveWithLinearRestriction: PHASE24_FULL_RESTRICTION_CAPTURE stage=after, timestep=1, nonlinear_iteration=1, time=  1.00000000E+00, dt=  1.00000000E+00, bdf_order=0, solver=direct, direct_method=mumps, total_rows=105235, primal_rows=104361, constraint_rows=874, matrix_nnz=1462231, constraint_matrix_rows=874, eliminate=0, penalty=0, restriction_active=1
HeatSolve: iter:    1 Assembly: (s)   11.40   11.40
HeatSolve: iter:    1 Solve:    (s)   36.08   36.08
HeatSolve:  Result Norm   :   0.15224032295208559
HeatSolve:  Relative Change :    2.0000000000000000
TESInnerCircuit: T=  1.685700E-01 I=  1.435373E-04 P=  3.363155E-10
TESInnerCircuit: AbsorberT=  1.667509E-01
TESInnerCircuit: StycastT=  1.667509E-01
HeatSolve: 
HeatSolve: 
HeatSolve: -------------------------------------
HeatSolve:  TEMPERATURE ITERATION           2
HeatSolve: -------------------------------------
HeatSolve: 
HeatSolve: Starting Assembly...
HeatSolve: Assembly:
: ........Assembly done
ComputeChange: NS (ITER=2) (NRM,RELC): ( 0.15254074     0.19713855E-02 ) :: heat equation
HeatSolve: iter:    2 Assembly: (s)    9.96   21.36
HeatSolve: iter:    2 Solve:    (s)    1.84   37.93
HeatSolve:  Result Norm   :   0.15254074344687621
HeatSolve:  Relative Change :    1.9713855479288013E-003
TESInnerCircuit: T=  1.667504E-01 I=  2.111051E-04 P=  3.363155E-10
TESInnerCircuit: AbsorberT=  1.685143E-01
TESInnerCircuit: StycastT=  1.685143E-01
HeatSolve: 
HeatSolve: 
HeatSolve: -------------------------------------
HeatSolve:  TEMPERATURE ITERATION           3
HeatSolve: -------------------------------------
HeatSolve: 
HeatSolve: Starting Assembly...
HeatSolve: Assembly:
: ........Assembly done
ComputeChange: NS (ITER=3) (NRM,RELC): ( 0.15250731     0.21920671E-03 ) :: heat equation
HeatSolve: iter:    3 Assembly: (s)   10.15   31.51
HeatSolve: iter:    3 Solve:    (s)    1.76   39.68
HeatSolve:  Result Norm   :   0.15250730915616134
HeatSolve:  Relative Change :    2.1920671467702245E-004
TESInnerCircuit: T=  1.685139E-01 I=  1.454944E-04 P=  3.363155E-10
TESInnerCircuit: AbsorberT=  1.683138E-01
TESInnerCircuit: StycastT=  1.683137E-01
HeatSolve: 
HeatSolve: 
HeatSolve: -------------------------------------
HeatSolve:  TEMPERATURE ITERATION           4
HeatSolve: -------------------------------------
HeatSolve: 
HeatSolve: Starting Assembly...
HeatSolve: Assembly:
: ........Assembly done
ComputeChange: NS (ITER=4) (NRM,RELC): ( 0.15250981     0.16370251E-04 ) :: heat equation
HeatSolve: iter:    4 Assembly: (s)   10.42   41.93
HeatSolve: iter:    4 Solve:    (s)    1.87   41.56
HeatSolve:  Result Norm   :   0.15250980575958967
HeatSolve:  Relative Change :    1.6370251413697845E-005
TESInnerCircuit: T=  1.683133E-01 I=  1.525678E-04 P=  3.363155E-10
TESInnerCircuit: AbsorberT=  1.683290E-01
TESInnerCircuit: StycastT=  1.683290E-01
HeatSolve: 
HeatSolve: 
HeatSolve: -------------------------------------
HeatSolve:  TEMPERATURE ITERATION           5
HeatSolve: -------------------------------------
HeatSolve: 
HeatSolve: Starting Assembly...
HeatSolve: Assembly:
: ........Assembly done
ComputeChange: NS (ITER=5) (NRM,RELC): ( 0.15250964     0.10848045E-05 ) :: heat equation
HeatSolve: iter:    5 Assembly: (s)   10.20   52.13
HeatSolve: iter:    5 Solve:    (s)    1.85   43.40
HeatSolve:  Result Norm   :   0.15250964031635589
HeatSolve:  Relative Change :    1.0848044995677722E-006
TESInnerCircuit: T=  1.683285E-01 I=  1.520268E-04 P=  3.363155E-10
TESInnerCircuit: AbsorberT=  1.683280E-01
TESInnerCircuit: StycastT=  1.683279E-01
HeatSolve: 
HeatSolve: 
HeatSolve: -------------------------------------
HeatSolve:  TEMPERATURE ITERATION           6
HeatSolve: -------------------------------------
HeatSolve: 
HeatSolve: Starting Assembly...
HeatSolve: Assembly:
: .........Assembly done
ComputeChange: NS (ITER=6) (NRM,RELC): ( 0.15250965     0.57301897E-07 ) :: heat equation
HeatSolve: iter:    6 Assembly: (s)   10.94   63.07
HeatSolve: iter:    6 Solve:    (s)    1.74   45.15
HeatSolve:  Result Norm   :   0.15250964905544789
HeatSolve:  Relative Change :    5.7301897356089213E-008
TESInnerCircuit: T=  1.683275E-01 I=  1.520628E-04 P=  3.363155E-10
TESInnerCircuit: AbsorberT=  1.683280E-01
TESInnerCircuit: StycastT=  1.683280E-01
HeatSolve: 
HeatSolve: 
HeatSolve: -------------------------------------
HeatSolve:  TEMPERATURE ITERATION           7
HeatSolve: -------------------------------------
HeatSolve: 
HeatSolve: Starting Assembly...
HeatSolve: Assembly:
: ........Assembly done
ComputeChange: NS (ITER=7) (NRM,RELC): ( 0.15250965     0.12907528E-08 ) :: heat equation
HeatSolve: iter:    7 Assembly: (s)    9.92   72.99
HeatSolve: iter:    7 Solve:    (s)    1.73   46.87
HeatSolve:  Result Norm   :   0.15250964885859564
HeatSolve:  Relative Change :    1.2907528019619270E-009
ComputeChange: SS (ITER=1) (NRM,RELC): ( 0.15305643      2.0000000     ) :: heat equation
WARNING:: SaveCurrent: > Output File < for restart should not include directory: ../work/meshes/mesh_phase24_tes_stycast_conforming_bypass_v4/tes_stycast_bypass_1p05p.result
SaveResult: -----------------------------------------
SaveResult: Saving results to file: mesh_phase24_tes_stycast_conforming_bypass_v4/../work/meshes/mesh_phase24_tes_stycast_conforming_bypass_v4/tes_stycast_bypass_1p05p.result
SaveResult: Done writing results file
SaveResult: -----------------------------------------
MAIN: *** Elmer Solver: ALL DONE ***
MAIN: The end
SOLVER TOTAL TIME(CPU,REAL):       132.44      132.44
ELMER SOLVER FINISHED AT: 2026/09/23 23:42:17
